-- Running vcpkg install
Detecting compiler hash for triplet x64-windows...
-- Using %HTTP(S)_PROXY% in environment variables.
Compiler found: C:/Program Files (x86)/Microsoft Visual Studio/18/BuildTools/VC/Tools/MSVC/14.51.36231/bin/Hostx64/x64/cl.exe
The following packages are already installed:
    benchmark:x64-windows@1.9.5
  * brotli:x64-windows@1.2.0
  * bzip2[core,tool]:x64-windows@1.0.8#6
  * dbus:x64-windows@1.16.2#4
  * double-conversion:x64-windows@3.4.0
  * egl-registry:x64-windows@2025-05-27
  * expat:x64-windows@2.8.1
    fmt:x64-windows@10.2.1
  * freetype[core,zlib,png,bzip2,brotli]:x64-windows@2.14.3
  * harfbuzz[core,freetype]:x64-windows@14.2.0#2
  * icu[core,tools]:x64-windows@78.3
    libarchive[core,zstd,xar,lzma,lz4,crypto,bzip2]:x64-windows@3.8.7
  * libjpeg-turbo:x64-windows@3.1.4.1
    liblzma:x64-windows@5.8.3
  * libpng:x64-windows@1.6.58
  * libpq[core,zlib,openssl,lz4]:x64-windows@18.4
  * lz4:x64-windows@1.10.0
  * opengl:x64-windows@2022-12-04#3
  * opengl-registry:x64-windows@2026-01-26
  * openssl:x64-windows@3.6.2
  * pcre2[core,platform-default-features,jit]:x64-windows@10.47
    qtbase[core,zstd,widgets,thread,testlib,sql-sqlite,sql-psql,sql,png,pcre2,openssl,opengl,network,jpeg,icu,harfbuzz,gui,freetype,doubleconversion,dnslookup,default-features,dbus,concurrent,brotli]:x64-windows@6.8.0
    qttools[core,linguist,designer]:x64-windows@6.8.0
    sdl2:x64-windows@2.30.5
  * sqlite3[core,json1]:x64-windows@3.53.1#2
    tl-expected:x64-windows@1.3.1
  * vcpkg-cmake:x64-windows@2024-04-23
  * vcpkg-cmake-config:x64-windows@2024-05-23
  * vcpkg-cmake-get-vars:x64-windows@2025-05-29
  * vcpkg-make:x64-windows@2026-01-01
  * vcpkg-tool-meson:x64-windows@1.9.0#8
    zlib:x64-windows@1.3.2
  * zstd:x64-windows@1.5.7
benchmark provides CMake targets:

  # this is heuristically generated, and may not be correct
  find_package(benchmark CONFIG REQUIRED)
  target_link_libraries(main PRIVATE benchmark::benchmark benchmark::benchmark_main)

benchmark provides pkg-config modules:

  # Google microbenchmark framework
  benchmark

  # Google microbenchmark framework (with main() function)
  benchmark_main

The package fmt provides CMake targets:

    find_package(fmt CONFIG REQUIRED)
    target_link_libraries(main PRIVATE fmt::fmt)

    # Or use the header-only version
    find_package(fmt CONFIG REQUIRED)
    target_link_libraries(main PRIVATE fmt::fmt-header-only)

liblzma is compatible with built-in CMake targets:

    find_package(LibLZMA REQUIRED)
    target_link_libraries(main PRIVATE LibLZMA::LibLZMA)

liblzma provides CMake targets:

    find_package(liblzma CONFIG REQUIRED)
    target_link_libraries(main PRIVATE liblzma::liblzma)

zlib is compatible with built-in CMake targets:

  find_package(ZLIB REQUIRED)
  target_link_libraries(main PRIVATE ZLIB::ZLIB)

libarchive is compatible with the CMake Find Module:

  find_package(LibArchive REQUIRED)
  target_link_libraries(main PRIVATE LibArchive::LibArchive) # since CMake 3.17

libarchive provides pkg-config modules:

  # library that can create and read several streaming archive formats
  libarchive

qtbase provides CMake targets:

  # this is heuristically generated, and may not be correct
  find_package(Qt6 CONFIG REQUIRED)
  # note: 37 additional targets are not displayed.
  target_link_libraries(main PRIVATE DB2::DB2 PPS::PPS Oracle::OCI Libb2::Libb2)

  find_package(Qt6Concurrent CONFIG REQUIRED)
  target_link_libraries(main PRIVATE Qt6::Concurrent Qt6::ConcurrentPrivate)

  find_package(Qt6Core CONFIG REQUIRED)
  target_link_libraries(main PRIVATE Qt6::Core Qt6::CorePrivate)

  find_package(Qt6DBus CONFIG REQUIRED)
  target_link_libraries(main PRIVATE Qt6::DBus Qt6::DBusPrivate)

  find_package(Qt6DeviceDiscoverySupportPrivate CONFIG REQUIRED)
  target_link_libraries(main PRIVATE Qt6::DeviceDiscoverySupportPrivate)

  find_package(Qt6EntryPointPrivate CONFIG REQUIRED)
  target_link_libraries(main PRIVATE Qt6::EntryPointPrivate Qt6::EntryPointImplementation)

  find_package(Qt6ExampleIconsPrivate CONFIG REQUIRED)
  target_link_libraries(main PRIVATE Qt6::ExampleIconsPrivate Qt6::ExampleIconsPrivate_resources_1)

  find_package(Qt6ExamplesAssetDownloaderPrivate CONFIG REQUIRED)
  target_link_libraries(main PRIVATE Qt6::ExamplesAssetDownloaderPrivate)

  find_package(Qt6FbSupportPrivate CONFIG REQUIRED)
  target_link_libraries(main PRIVATE Qt6::FbSupportPrivate)

  find_package(Qt6Gui CONFIG REQUIRED)
  # note: 6 additional targets are not displayed.
  target_link_libraries(main PRIVATE Qt6::Gui Qt6::GuiPrivate Qt6::QGifPlugin Qt6::QICOPlugin)

  find_package(Qt6Network CONFIG REQUIRED)
  # note: 2 additional targets are not displayed.
  target_link_libraries(main PRIVATE Qt6::Network Qt6::QNLMNIPlugin Qt6::NetworkPrivate Qt6::QSchannelBackendPlugin)

  find_package(Qt6OpenGL CONFIG REQUIRED)
  target_link_libraries(main PRIVATE Qt6::OpenGL Qt6::OpenGLPrivate)

  find_package(Qt6OpenGLWidgets CONFIG REQUIRED)
  target_link_libraries(main PRIVATE Qt6::OpenGLWidgets Qt6::OpenGLWidgetsPrivate)

  find_package(Qt6PrintSupport CONFIG REQUIRED)
  target_link_libraries(main PRIVATE Qt6::PrintSupport Qt6::PrintSupportPrivate)

  find_package(Qt6Sql CONFIG REQUIRED)
  target_link_libraries(main PRIVATE Qt6::Sql Qt6::SqlPrivate Qt6::QPSQLDriverPlugin Qt6::QSQLiteDriverPlugin)

  find_package(Qt6Test CONFIG REQUIRED)
  target_link_libraries(main PRIVATE Qt6::Test Qt6::TestPrivate)

  find_package(Qt6Widgets CONFIG REQUIRED)
  target_link_libraries(main PRIVATE Qt6::Widgets Qt6::WidgetsPrivate Qt6::QModernWindowsStylePlugin)

  find_package(Qt6Xml CONFIG REQUIRED)
  target_link_libraries(main PRIVATE Qt6::Xml Qt6::XmlPrivate)

qttools provides CMake targets:

  # this is heuristically generated, and may not be correct
  find_package(Qt6Designer CONFIG REQUIRED)
  target_link_libraries(main PRIVATE Qt6::Designer Qt6::DesignerPrivate)

  find_package(Qt6DesignerComponentsPrivate CONFIG REQUIRED)
  target_link_libraries(main PRIVATE Qt6::DesignerComponentsPrivate)

  find_package(Qt6Linguist CONFIG REQUIRED)
  target_link_libraries(main PRIVATE Qt6::Linguist)

  find_package(Qt6QDocCatchConversionsPrivate CONFIG REQUIRED)
  target_link_libraries(main PRIVATE Qt6::QDocCatchConversionsPrivate)

  find_package(Qt6QDocCatchGeneratorsPrivate CONFIG REQUIRED)
  target_link_libraries(main PRIVATE Qt6::QDocCatchGeneratorsPrivate)

  find_package(Qt6QDocCatchPrivate CONFIG REQUIRED)
  target_link_libraries(main PRIVATE Qt6::QDocCatchPrivate)

  find_package(Qt6Tools CONFIG REQUIRED)
  target_link_libraries(main PRIVATE Qt6::Tools)

  find_package(Qt6UiPlugin CONFIG REQUIRED)
  target_link_libraries(main PRIVATE Qt6::UiPlugin)

  find_package(Qt6UiTools CONFIG REQUIRED)
  target_link_libraries(main PRIVATE Qt6::UiTools Qt6::UiToolsPrivate)

sdl2 provides CMake targets:

    find_package(SDL2 CONFIG REQUIRED)
    target_link_libraries(main
        PRIVATE
        $<TARGET_NAME_IF_EXISTS:SDL2::SDL2main>
        $<IF:$<TARGET_EXISTS:SDL2::SDL2>,SDL2::SDL2,SDL2::SDL2-static>
    )

tl-expected provides CMake targets:

  # this is heuristically generated, and may not be correct
  find_package(tl-expected CONFIG REQUIRED)
  target_link_libraries(main PRIVATE tl::expected)

All requested installations completed successfully in: 1.7 ms
-- Running vcpkg install - done
-- ccache not found — incremental builds will use compiler cache only
-- GUI Frontend: Qt6
-- Using Rust Lua engine (mlua vendored Lua 5.1)
-- Using System zlib 1.3.2
-- FCEUX11 tests: PATH prepended for vcpkg runtime — D:\Project\FCEUX11\vcpkg_installed\x64-windows\bin; D:\Project\FCEUX11\vcpkg_installed\x64-windows\debug\bin
-- Google Benchmark found — building benchmark targets
-- Configuring done (18.7s)
-- Generating done (4.7s)
-- Build files have been written to: D:/Project/FCEUX11/build
[  0%] Built target fceu11_direct_storage_probe_autogen_timestamp_deps
[  0%] Automatic MOC and UIC for target fceu11_direct_storage_probe
[  0%] Built target fceu11_direct_storage_probe_autogen
[  1%] Building CXX object src/CMakeFiles/fceu11_direct_storage_probe.dir/fceu11_direct_storage_probe_autogen/mocs_compilation.cpp.obj
mocs_compilation.cpp
[  1%] Building CXX object src/CMakeFiles/fceu11_direct_storage_probe.dir/platform/win11/DirectStorageProbe.cpp.obj
DirectStorageProbe.cpp
注意: 包含文件:  D:\Project\FCEUX11\src\platform\win11\DirectStorageProbe.h
注意: 包含文件:   D:\Windows Kits\10\\include\10.0.26100.0\\um\windows.h
注意: 包含文件:    D:\Windows Kits\10\\include\10.0.26100.0\\shared\winapifamily.h
注意: 包含文件:     D:\Windows Kits\10\\include\10.0.26100.0\\shared\winpackagefamily.h
注意: 包含文件:    D:\Windows Kits\10\\include\10.0.26100.0\\shared\sdkddkver.h
注意: 包含文件:    C:\Program Files (x86)\Microsoft Visual Studio\18\BuildTools\VC\Tools\MSVC\14.51.36231\include\excpt.h
注意: 包含文件:     C:\Program Files (x86)\Microsoft Visual Studio\18\BuildTools\VC\Tools\MSVC\14.51.36231\include\vcruntime.h
注意: 包含文件:      C:\Program Files (x86)\Microsoft Visual Studio\18\BuildTools\VC\Tools\MSVC\14.51.36231\include\sal.h
注意: 包含文件:       C:\Program Files (x86)\Microsoft Visual Studio\18\BuildTools\VC\Tools\MSVC\14.51.36231\include\concurrencysal.h
注意: 包含文件:      C:\Program Files (x86)\Microsoft Visual Studio\18\BuildTools\VC\Tools\MSVC\14.51.36231\include\vadefs.h
注意: 包含文件:    C:\Program Files (x86)\Microsoft Visual Studio\18\BuildTools\VC\Tools\MSVC\14.51.36231\include\stdarg.h
注意: 包含文件:    D:\Windows Kits\10\\include\10.0.26100.0\\shared\windef.h
注意: 包含文件:     D:\Windows Kits\10\\include\10.0.26100.0\\shared\minwindef.h
注意: 包含文件:      D:\Windows Kits\10\\include\10.0.26100.0\\shared\specstrings.h
注意: 包含文件:       D:\Windows Kits\10\\include\10.0.26100.0\\shared\specstrings_strict.h
注意: 包含文件:        D:\Windows Kits\10\\include\10.0.26100.0\\shared\specstrings_undef.h
注意: 包含文件:       D:\Windows Kits\10\\include\10.0.26100.0\\shared\driverspecs.h
注意: 包含文件:        D:\Windows Kits\10\include\10.0.26100.0\shared\sdv_driverspecs.h
注意: 包含文件:      D:\Windows Kits\10\\include\10.0.26100.0\\um\winnt.h
注意: 包含文件:       D:\Windows Kits\10\include\10.0.26100.0\ucrt\ctype.h
注意: 包含文件:        D:\Windows Kits\10\include\10.0.26100.0\ucrt\corecrt.h
注意: 包含文件:        D:\Windows Kits\10\include\10.0.26100.0\ucrt\corecrt_wctype.h
注意: 包含文件:       D:\Windows Kits\10\\include\10.0.26100.0\\shared\kernelspecs.h
注意: 包含文件:       D:\Windows Kits\10\\include\10.0.26100.0\\shared\basetsd.h
注意: 包含文件:       D:\Windows Kits\10\\include\10.0.26100.0\\shared\guiddef.h
注意: 包含文件:        D:\Windows Kits\10\include\10.0.26100.0\ucrt\string.h
注意: 包含文件:         D:\Windows Kits\10\include\10.0.26100.0\ucrt\corecrt_memory.h
注意: 包含文件:          D:\Windows Kits\10\include\10.0.26100.0\ucrt\corecrt_memcpy_s.h
注意: 包含文件:           D:\Windows Kits\10\include\10.0.26100.0\ucrt\errno.h
注意: 包含文件:           C:\Program Files (x86)\Microsoft Visual Studio\18\BuildTools\VC\Tools\MSVC\14.51.36231\include\vcruntime_string.h
注意: 包含文件:         D:\Windows Kits\10\include\10.0.26100.0\ucrt\corecrt_wstring.h
注意: 包含文件:       D:\Windows Kits\10\include\10.0.26100.0\shared\pshpack4.h
注意: 包含文件:       D:\Windows Kits\10\include\10.0.26100.0\shared\poppack.h
注意: 包含文件:       D:\Windows Kits\10\\include\10.0.26100.0\\shared\pshpack4.h
注意: 包含文件:       D:\Windows Kits\10\\include\10.0.26100.0\\shared\poppack.h
注意: 包含文件:       D:\Windows Kits\10\include\10.0.26100.0\shared\pshpack4.h
注意: 包含文件:       D:\Windows Kits\10\include\10.0.26100.0\shared\pshpack2.h
注意: 包含文件:       D:\Windows Kits\10\include\10.0.26100.0\shared\poppack.h
注意: 包含文件:       D:\Windows Kits\10\include\10.0.26100.0\shared\pshpack2.h
注意: 包含文件:       D:\Windows Kits\10\\include\10.0.26100.0\\shared\pshpack2.h
注意: 包含文件:       D:\Windows Kits\10\\include\10.0.26100.0\\shared\poppack.h
注意: 包含文件:       D:\Windows Kits\10\include\10.0.26100.0\shared\poppack.h
注意: 包含文件:       D:\Windows Kits\10\include\10.0.26100.0\shared\pshpack8.h
注意: 包含文件:       D:\Windows Kits\10\include\10.0.26100.0\shared\poppack.h
注意: 包含文件:       D:\Windows Kits\10\include\10.0.26100.0\shared\pshpack1.h
注意: 包含文件:       D:\Windows Kits\10\include\10.0.26100.0\shared\poppack.h
注意: 包含文件:       D:\Windows Kits\10\include\10.0.26100.0\shared\pshpack1.h
注意: 包含文件:       D:\Windows Kits\10\include\10.0.26100.0\shared\poppack.h
注意: 包含文件:       D:\Windows Kits\10\include\10.0.26100.0\shared\poppack.h
注意: 包含文件:       D:\Windows Kits\10\\include\10.0.26100.0\\shared\apiset.h
注意: 包含文件:       D:\Windows Kits\10\\include\10.0.26100.0\\shared\ktmtypes.h
注意: 包含文件:    D:\Windows Kits\10\\include\10.0.26100.0\\um\winbase.h
注意: 包含文件:     D:\Windows Kits\10\\include\10.0.26100.0\\shared\apisetcconv.h
注意: 包含文件:     D:\Windows Kits\10\\include\10.0.26100.0\\um\minwinbase.h
注意: 包含文件:     D:\Windows Kits\10\\include\10.0.26100.0\\um\apiquery2.h
注意: 包含文件:     D:\Windows Kits\10\\include\10.0.26100.0\\um\processenv.h
注意: 包含文件:     D:\Windows Kits\10\\include\10.0.26100.0\\um\fileapifromapp.h
注意: 包含文件:      D:\Windows Kits\10\\include\10.0.26100.0\\um\fileapi.h
注意: 包含文件:     D:\Windows Kits\10\\include\10.0.26100.0\\um\debugapi.h
注意: 包含文件:     D:\Windows Kits\10\\include\10.0.26100.0\\um\utilapiset.h
注意: 包含文件:     D:\Windows Kits\10\\include\10.0.26100.0\\um\handleapi.h
注意: 包含文件:     D:\Windows Kits\10\\include\10.0.26100.0\\um\errhandlingapi.h
注意: 包含文件:     D:\Windows Kits\10\\include\10.0.26100.0\\um\fibersapi.h
注意: 包含文件:     D:\Windows Kits\10\\include\10.0.26100.0\\um\namedpipeapi.h
注意: 包含文件:     D:\Windows Kits\10\\include\10.0.26100.0\\um\profileapi.h
注意: 包含文件:     D:\Windows Kits\10\\include\10.0.26100.0\\um\heapapi.h
注意: 包含文件:     D:\Windows Kits\10\\include\10.0.26100.0\\um\ioapiset.h
注意: 包含文件:     D:\Windows Kits\10\\include\10.0.26100.0\\um\synchapi.h
注意: 包含文件:     D:\Windows Kits\10\\include\10.0.26100.0\\um\interlockedapi.h
注意: 包含文件:     D:\Windows Kits\10\\include\10.0.26100.0\\um\processthreadsapi.h
注意: 包含文件:     D:\Windows Kits\10\\include\10.0.26100.0\\um\sysinfoapi.h
注意: 包含文件:     D:\Windows Kits\10\\include\10.0.26100.0\\um\memoryapi.h
注意: 包含文件:     D:\Windows Kits\10\\include\10.0.26100.0\\um\enclaveapi.h
注意: 包含文件:     D:\Windows Kits\10\\include\10.0.26100.0\\um\threadpoollegacyapiset.h
注意: 包含文件:     D:\Windows Kits\10\\include\10.0.26100.0\\um\threadpoolapiset.h
注意: 包含文件:     D:\Windows Kits\10\\include\10.0.26100.0\\um\jobapi.h
注意: 包含文件:     D:\Windows Kits\10\\include\10.0.26100.0\\um\jobapi2.h
注意: 包含文件:     D:\Windows Kits\10\\include\10.0.26100.0\\um\wow64apiset.h
注意: 包含文件:     D:\Windows Kits\10\\include\10.0.26100.0\\um\libloaderapi.h
注意: 包含文件:     D:\Windows Kits\10\\include\10.0.26100.0\\um\securitybaseapi.h
注意: 包含文件:     D:\Windows Kits\10\\include\10.0.26100.0\\um\namespaceapi.h
注意: 包含文件:     D:\Windows Kits\10\\include\10.0.26100.0\\um\systemtopologyapi.h
注意: 包含文件:     D:\Windows Kits\10\\include\10.0.26100.0\\um\processtopologyapi.h
注意: 包含文件:     D:\Windows Kits\10\\include\10.0.26100.0\\um\securityappcontainer.h
注意: 包含文件:     D:\Windows Kits\10\\include\10.0.26100.0\\um\realtimeapiset.h
注意: 包含文件:     D:\Windows Kits\10\\include\10.0.26100.0\\shared\winerror.h
注意: 包含文件:     D:\Windows Kits\10\\include\10.0.26100.0\\um\timezoneapi.h
注意: 包含文件:    D:\Windows Kits\10\\include\10.0.26100.0\\um\wingdi.h
注意: 包含文件:     D:\Windows Kits\10\\include\10.0.26100.0\\shared\pshpack1.h
注意: 包含文件:     D:\Windows Kits\10\\include\10.0.26100.0\\shared\poppack.h
注意: 包含文件:     D:\Windows Kits\10\\include\10.0.26100.0\\shared\pshpack2.h
注意: 包含文件:     D:\Windows Kits\10\\include\10.0.26100.0\\shared\poppack.h
注意: 包含文件:     D:\Windows Kits\10\\include\10.0.26100.0\\shared\pshpack2.h
注意: 包含文件:     D:\Windows Kits\10\\include\10.0.26100.0\\shared\poppack.h
注意: 包含文件:     D:\Windows Kits\10\\include\10.0.26100.0\\shared\pshpack4.h
注意: 包含文件:     D:\Windows Kits\10\\include\10.0.26100.0\\shared\poppack.h
注意: 包含文件:     D:\Windows Kits\10\\include\10.0.26100.0\\shared\pshpack4.h
注意: 包含文件:     D:\Windows Kits\10\\include\10.0.26100.0\\shared\poppack.h
注意: 包含文件:    D:\Windows Kits\10\\include\10.0.26100.0\\um\winuser.h
注意: 包含文件:     D:\Windows Kits\10\\include\10.0.26100.0\\shared\pshpack2.h
注意: 包含文件:     D:\Windows Kits\10\\include\10.0.26100.0\\shared\poppack.h
注意: 包含文件:     D:\Windows Kits\10\\include\10.0.26100.0\\shared\tvout.h
注意: 包含文件:    D:\Windows Kits\10\\include\10.0.26100.0\\um\winnls.h
注意: 包含文件:     D:\Windows Kits\10\\include\10.0.26100.0\\um\datetimeapi.h
注意: 包含文件:     D:\Windows Kits\10\\include\10.0.26100.0\\um\stringapiset.h
注意: 包含文件:      D:\Windows Kits\10\\include\10.0.26100.0\\um\winnls.h
注意: 包含文件:    D:\Windows Kits\10\\include\10.0.26100.0\\um\wincon.h
注意: 包含文件:     D:\Windows Kits\10\\include\10.0.26100.0\\um\wincontypes.h
注意: 包含文件:     D:\Windows Kits\10\\include\10.0.26100.0\\um\consoleapi.h
注意: 包含文件:     D:\Windows Kits\10\\include\10.0.26100.0\\um\consoleapi2.h
注意: 包含文件:     D:\Windows Kits\10\\include\10.0.26100.0\\um\consoleapi3.h
注意: 包含文件:    D:\Windows Kits\10\\include\10.0.26100.0\\um\winver.h
注意: 包含文件:     D:\Windows Kits\10\\include\10.0.26100.0\\um\verrsrc.h
注意: 包含文件:    D:\Windows Kits\10\\include\10.0.26100.0\\um\winreg.h
注意: 包含文件:     D:\Windows Kits\10\\include\10.0.26100.0\\um\reason.h
注意: 包含文件:    D:\Windows Kits\10\\include\10.0.26100.0\\um\winnetwk.h
注意: 包含文件:     D:\Windows Kits\10\\include\10.0.26100.0\\shared\wnnc.h
注意: 包含文件:    D:\Windows Kits\10\\include\10.0.26100.0\\shared\cderr.h
注意: 包含文件:    D:\Windows Kits\10\\include\10.0.26100.0\\um\dde.h
注意: 包含文件:    D:\Windows Kits\10\\include\10.0.26100.0\\um\ddeml.h
注意: 包含文件:    D:\Windows Kits\10\\include\10.0.26100.0\\um\dlgs.h
注意: 包含文件:    D:\Windows Kits\10\\include\10.0.26100.0\\um\lzexpand.h
注意: 包含文件:    D:\Windows Kits\10\\include\10.0.26100.0\\um\mmsystem.h
注意: 包含文件:     D:\Windows Kits\10\\include\10.0.26100.0\\um\mmsyscom.h
注意: 包含文件:      D:\Windows Kits\10\\include\10.0.26100.0\\shared\pshpack1.h
注意: 包含文件:      D:\Windows Kits\10\\include\10.0.26100.0\\shared\poppack.h
注意: 包含文件:     D:\Windows Kits\10\\include\10.0.26100.0\\shared\pshpack1.h
注意: 包含文件:     D:\Windows Kits\10\\include\10.0.26100.0\\um\mciapi.h
注意: 包含文件:      D:\Windows Kits\10\\include\10.0.26100.0\\um\mmsyscom.h
注意: 包含文件:     D:\Windows Kits\10\\include\10.0.26100.0\\um\mmiscapi.h
注意: 包含文件:      D:\Windows Kits\10\\include\10.0.26100.0\\um\mmsyscom.h
注意: 包含文件:     D:\Windows Kits\10\\include\10.0.26100.0\\um\mmiscapi2.h
注意: 包含文件:      D:\Windows Kits\10\\include\10.0.26100.0\\um\mmsyscom.h
注意: 包含文件:     D:\Windows Kits\10\\include\10.0.26100.0\\um\playsoundapi.h
注意: 包含文件:      D:\Windows Kits\10\\include\10.0.26100.0\\um\mmsyscom.h
注意: 包含文件:     D:\Windows Kits\10\\include\10.0.26100.0\\um\mmeapi.h
注意: 包含文件:      D:\Windows Kits\10\\include\10.0.26100.0\\um\mmsyscom.h
注意: 包含文件:     D:\Windows Kits\10\\include\10.0.26100.0\\um\timeapi.h
注意: 包含文件:      D:\Windows Kits\10\\include\10.0.26100.0\\um\mmsyscom.h
注意: 包含文件:     D:\Windows Kits\10\\include\10.0.26100.0\\um\joystickapi.h
注意: 包含文件:      D:\Windows Kits\10\\include\10.0.26100.0\\um\mmsyscom.h
注意: 包含文件:     D:\Windows Kits\10\\include\10.0.26100.0\\shared\poppack.h
注意: 包含文件:    D:\Windows Kits\10\\include\10.0.26100.0\\um\nb30.h
注意: 包含文件:    D:\Windows Kits\10\\include\10.0.26100.0\\shared\rpc.h
注意: 包含文件:     D:\Windows Kits\10\\include\10.0.26100.0\\shared\pshpack8.h
注意: 包含文件:     D:\Windows Kits\10\\include\10.0.26100.0\\shared\rpcdce.h
注意: 包含文件:      D:\Windows Kits\10\\include\10.0.26100.0\\shared\rpcdcep.h
注意: 包含文件:     D:\Windows Kits\10\\include\10.0.26100.0\\um\rpcnsi.h
注意: 包含文件:     D:\Windows Kits\10\\include\10.0.26100.0\\shared\rpcnterr.h
注意: 包含文件:     D:\Windows Kits\10\\include\10.0.26100.0\\shared\rpcasync.h
注意: 包含文件:      D:\Windows Kits\10\\include\10.0.26100.0\\shared\pshpack8.h
注意: 包含文件:      D:\Windows Kits\10\\include\10.0.26100.0\\shared\poppack.h
注意: 包含文件:     D:\Windows Kits\10\\include\10.0.26100.0\\shared\poppack.h
注意: 包含文件:    D:\Windows Kits\10\\include\10.0.26100.0\\um\shellapi.h
注意: 包含文件:    D:\Windows Kits\10\\include\10.0.26100.0\\um\winperf.h
注意: 包含文件:     D:\Windows Kits\10\\include\10.0.26100.0\\shared\pshpack8.h
注意: 包含文件:     D:\Windows Kits\10\\include\10.0.26100.0\\shared\poppack.h
注意: 包含文件:    D:\Windows Kits\10\\include\10.0.26100.0\\um\winsock.h
注意: 包含文件:     D:\Windows Kits\10\\include\10.0.26100.0\\shared\inaddr.h
注意: 包含文件:    D:\Windows Kits\10\\include\10.0.26100.0\\um\wincrypt.h
注意: 包含文件:     D:\Windows Kits\10\\include\10.0.26100.0\\shared\bcrypt.h
注意: 包含文件:     D:\Windows Kits\10\\include\10.0.26100.0\\um\ncrypt.h
注意: 包含文件:     D:\Windows Kits\10\\include\10.0.26100.0\\um\dpapi.h
注意: 包含文件:    D:\Windows Kits\10\\include\10.0.26100.0\\um\winefs.h
注意: 包含文件:    D:\Windows Kits\10\\include\10.0.26100.0\\um\winscard.h
注意: 包含文件:     D:\Windows Kits\10\\include\10.0.26100.0\\shared\wtypes.h
注意: 包含文件:      D:\Windows Kits\10\include\10.0.26100.0\shared\rpcndr.h
注意: 包含文件:       D:\Windows Kits\10\\include\10.0.26100.0\\shared\pshpack8.h
注意: 包含文件:       D:\Windows Kits\10\\include\10.0.26100.0\\um\rpcnsip.h
注意: 包含文件:       D:\Windows Kits\10\\include\10.0.26100.0\\shared\rpcsal.h
注意: 包含文件:       D:\Windows Kits\10\\include\10.0.26100.0\\shared\poppack.h
注意: 包含文件:      D:\Windows Kits\10\include\10.0.26100.0\shared\wtypesbase.h
注意: 包含文件:       D:\Windows Kits\10\include\10.0.26100.0\shared\guiddef.h
注意: 包含文件:     D:\Windows Kits\10\\include\10.0.26100.0\\um\winioctl.h
注意: 包含文件:      D:\Windows Kits\10\\include\10.0.26100.0\\shared\pshpack1.h
注意: 包含文件:      D:\Windows Kits\10\\include\10.0.26100.0\\shared\poppack.h
注意: 包含文件:      D:\Windows Kits\10\\include\10.0.26100.0\\shared\pshpack1.h
注意: 包含文件:      D:\Windows Kits\10\\include\10.0.26100.0\\shared\poppack.h
注意: 包含文件:      D:\Windows Kits\10\\include\10.0.26100.0\\shared\pshpack1.h
注意: 包含文件:      D:\Windows Kits\10\\include\10.0.26100.0\\shared\poppack.h
注意: 包含文件:      D:\Windows Kits\10\\include\10.0.26100.0\\shared\pshpack1.h
注意: 包含文件:      D:\Windows Kits\10\\include\10.0.26100.0\\shared\poppack.h
注意: 包含文件:      D:\Windows Kits\10\\include\10.0.26100.0\\shared\pshpack1.h
注意: 包含文件:      D:\Windows Kits\10\\include\10.0.26100.0\\shared\poppack.h
注意: 包含文件:      D:\Windows Kits\10\\include\10.0.26100.0\\shared\pshpack1.h
注意: 包含文件:      D:\Windows Kits\10\\include\10.0.26100.0\\shared\poppack.h
注意: 包含文件:      D:\Windows Kits\10\\include\10.0.26100.0\\shared\pshpack1.h
注意: 包含文件:      D:\Windows Kits\10\\include\10.0.26100.0\\shared\poppack.h
注意: 包含文件:     D:\Windows Kits\10\\include\10.0.26100.0\\shared\winsmcrd.h
注意: 包含文件:    D:\Windows Kits\10\\include\10.0.26100.0\\um\winspool.h
注意: 包含文件:     D:\Windows Kits\10\\include\10.0.26100.0\\um\prsht.h
注意: 包含文件:      D:\Windows Kits\10\\include\10.0.26100.0\\shared\pshpack8.h
注意: 包含文件:      D:\Windows Kits\10\\include\10.0.26100.0\\shared\poppack.h
注意: 包含文件:    D:\Windows Kits\10\\include\10.0.26100.0\\um\ole2.h
注意: 包含文件:     D:\Windows Kits\10\\include\10.0.26100.0\\shared\pshpack8.h
注意: 包含文件:     D:\Windows Kits\10\\include\10.0.26100.0\\um\objbase.h
注意: 包含文件:      D:\Windows Kits\10\\include\10.0.26100.0\\shared\pshpack8.h
注意: 包含文件:      D:\Windows Kits\10\\include\10.0.26100.0\\um\combaseapi.h
注意: 包含文件:       D:\Windows Kits\10\\include\10.0.26100.0\\shared\pshpack8.h
注意: 包含文件:       D:\Windows Kits\10\include\10.0.26100.0\ucrt\stdlib.h
注意: 包含文件:        D:\Windows Kits\10\include\10.0.26100.0\ucrt\corecrt_malloc.h
注意: 包含文件:        D:\Windows Kits\10\include\10.0.26100.0\ucrt\corecrt_search.h
注意: 包含文件:         D:\Windows Kits\10\include\10.0.26100.0\ucrt\stddef.h
注意: 包含文件:        D:\Windows Kits\10\include\10.0.26100.0\ucrt\corecrt_wstdlib.h
注意: 包含文件:        C:\Program Files (x86)\Microsoft Visual Studio\18\BuildTools\VC\Tools\MSVC\14.51.36231\include\limits.h
注意: 包含文件:       D:\Windows Kits\10\\include\10.0.26100.0\\um\unknwnbase.h
注意: 包含文件:       D:\Windows Kits\10\\include\10.0.26100.0\\um\objidlbase.h
注意: 包含文件:       D:\Windows Kits\10\\include\10.0.26100.0\\shared\guiddef.h
注意: 包含文件:       D:\Windows Kits\10\\include\10.0.26100.0\\um\cguid.h
注意: 包含文件:       D:\Windows Kits\10\\include\10.0.26100.0\\shared\poppack.h
注意: 包含文件:      D:\Windows Kits\10\\include\10.0.26100.0\\um\coml2api.h
注意: 包含文件:       D:\Windows Kits\10\\include\10.0.26100.0\\um\objidl.h
注意: 包含文件:        D:\Windows Kits\10\include\10.0.26100.0\um\unknwn.h
注意: 包含文件:       D:\Windows Kits\10\\include\10.0.26100.0\\um\propidlbase.h
注意: 包含文件:        D:\Windows Kits\10\include\10.0.26100.0\um\oaidl.h
注意: 包含文件:      D:\Windows Kits\10\\include\10.0.26100.0\\um\urlmon.h
注意: 包含文件:       D:\Windows Kits\10\include\10.0.26100.0\um\oleidl.h
注意: 包含文件:       D:\Windows Kits\10\include\10.0.26100.0\um\servprov.h
注意: 包含文件:       D:\Windows Kits\10\include\10.0.26100.0\um\msxml.h
注意: 包含文件:      D:\Windows Kits\10\\include\10.0.26100.0\\um\propidl.h
注意: 包含文件:      D:\Windows Kits\10\\include\10.0.26100.0\\shared\poppack.h
注意: 包含文件:     D:\Windows Kits\10\\include\10.0.26100.0\\um\oleauto.h
注意: 包含文件:      D:\Windows Kits\10\\include\10.0.26100.0\\shared\pshpack8.h
注意: 包含文件:      D:\Windows Kits\10\\include\10.0.26100.0\\shared\poppack.h
注意: 包含文件:     D:\Windows Kits\10\\include\10.0.26100.0\\shared\poppack.h
注意: 包含文件:    D:\Windows Kits\10\\include\10.0.26100.0\\um\commdlg.h
注意: 包含文件:     D:\Windows Kits\10\\include\10.0.26100.0\\um\prsht.h
注意: 包含文件:    D:\Windows Kits\10\\include\10.0.26100.0\\shared\stralign.h
注意: 包含文件:    D:\Windows Kits\10\\include\10.0.26100.0\\um\winsvc.h
注意: 包含文件:    D:\Windows Kits\10\\include\10.0.26100.0\\um\mcx.h
注意: 包含文件:    D:\Windows Kits\10\\include\10.0.26100.0\\um\imm.h
注意: 包含文件:     D:\Windows Kits\10\\include\10.0.26100.0\\um\ime_cmodes.h
注意: 包含文件:   C:\Program Files (x86)\Microsoft Visual Studio\18\BuildTools\VC\Tools\MSVC\14.51.36231\include\string
注意: 包含文件:    C:\Program Files (x86)\Microsoft Visual Studio\18\BuildTools\VC\Tools\MSVC\14.51.36231\include\yvals_core.h
注意: 包含文件:     C:\Program Files (x86)\Microsoft Visual Studio\18\BuildTools\VC\Tools\MSVC\14.51.36231\include\xkeycheck.h
注意: 包含文件:    C:\Program Files (x86)\Microsoft Visual Studio\18\BuildTools\VC\Tools\MSVC\14.51.36231\include\xstring
注意: 包含文件:     C:\Program Files (x86)\Microsoft Visual Studio\18\BuildTools\VC\Tools\MSVC\14.51.36231\include\__msvc_sanitizer_annotate_container.hpp
注意: 包含文件:     C:\Program Files (x86)\Microsoft Visual Studio\18\BuildTools\VC\Tools\MSVC\14.51.36231\include\__msvc_string_view.hpp
注意: 包含文件:      C:\Program Files (x86)\Microsoft Visual Studio\18\BuildTools\VC\Tools\MSVC\14.51.36231\include\iosfwd
注意: 包含文件:       C:\Program Files (x86)\Microsoft Visual Studio\18\BuildTools\VC\Tools\MSVC\14.51.36231\include\yvals.h
注意: 包含文件:        C:\Program Files (x86)\Microsoft Visual Studio\18\BuildTools\VC\Tools\MSVC\14.51.36231\include\__msvc_doom_core.hpp
注意: 包含文件:        D:\Windows Kits\10\include\10.0.26100.0\ucrt\crtdbg.h
注意: 包含文件:         C:\Program Files (x86)\Microsoft Visual Studio\18\BuildTools\VC\Tools\MSVC\14.51.36231\include\vcruntime_new_debug.h
注意: 包含文件:          C:\Program Files (x86)\Microsoft Visual Studio\18\BuildTools\VC\Tools\MSVC\14.51.36231\include\vcruntime_new.h
注意: 包含文件:        C:\Program Files (x86)\Microsoft Visual Studio\18\BuildTools\VC\Tools\MSVC\14.51.36231\include\crtdefs.h
注意: 包含文件:        C:\Program Files (x86)\Microsoft Visual Studio\18\BuildTools\VC\Tools\MSVC\14.51.36231\include\use_ansi.h
注意: 包含文件:       C:\Program Files (x86)\Microsoft Visual Studio\18\BuildTools\VC\Tools\MSVC\14.51.36231\include\cstdio
注意: 包含文件:        D:\Windows Kits\10\include\10.0.26100.0\ucrt\stdio.h
注意: 包含文件:         D:\Windows Kits\10\include\10.0.26100.0\ucrt\corecrt_wstdio.h
注意: 包含文件:          D:\Windows Kits\10\include\10.0.26100.0\ucrt\corecrt_stdio_config.h
注意: 包含文件:       C:\Program Files (x86)\Microsoft Visual Studio\18\BuildTools\VC\Tools\MSVC\14.51.36231\include\cstring
注意: 包含文件:       C:\Program Files (x86)\Microsoft Visual Studio\18\BuildTools\VC\Tools\MSVC\14.51.36231\include\cwchar
注意: 包含文件:        D:\Windows Kits\10\include\10.0.26100.0\ucrt\wchar.h
注意: 包含文件:         D:\Windows Kits\10\include\10.0.26100.0\ucrt\corecrt_wconio.h
注意: 包含文件:         D:\Windows Kits\10\include\10.0.26100.0\ucrt\corecrt_wdirect.h
注意: 包含文件:         D:\Windows Kits\10\include\10.0.26100.0\ucrt\corecrt_wio.h
注意: 包含文件:          D:\Windows Kits\10\include\10.0.26100.0\ucrt\corecrt_share.h
注意: 包含文件:         D:\Windows Kits\10\include\10.0.26100.0\ucrt\corecrt_wprocess.h
注意: 包含文件:         D:\Windows Kits\10\include\10.0.26100.0\ucrt\corecrt_wtime.h
注意: 包含文件:         D:\Windows Kits\10\include\10.0.26100.0\ucrt\sys/stat.h
注意: 包含文件:          D:\Windows Kits\10\include\10.0.26100.0\ucrt\sys/types.h
注意: 包含文件:         C:\Program Files (x86)\Microsoft Visual Studio\18\BuildTools\VC\Tools\MSVC\14.51.36231\include\intrin.h
注意: 包含文件:          C:\Program Files (x86)\Microsoft Visual Studio\18\BuildTools\VC\Tools\MSVC\14.51.36231\include\intrin0.inl.h
注意: 包含文件:          C:\Program Files (x86)\Microsoft Visual Studio\18\BuildTools\VC\Tools\MSVC\14.51.36231\include\setjmp.h
注意: 包含文件:          C:\Program Files (x86)\Microsoft Visual Studio\18\BuildTools\VC\Tools\MSVC\14.51.36231\include\immintrin.h
注意: 包含文件:           C:\Program Files (x86)\Microsoft Visual Studio\18\BuildTools\VC\Tools\MSVC\14.51.36231\include\wmmintrin.h
注意: 包含文件:            C:\Program Files (x86)\Microsoft Visual Studio\18\BuildTools\VC\Tools\MSVC\14.51.36231\include\nmmintrin.h
注意: 包含文件:             C:\Program Files (x86)\Microsoft Visual Studio\18\BuildTools\VC\Tools\MSVC\14.51.36231\include\smmintrin.h
注意: 包含文件:              C:\Program Files (x86)\Microsoft Visual Studio\18\BuildTools\VC\Tools\MSVC\14.51.36231\include\tmmintrin.h
注意: 包含文件:               C:\Program Files (x86)\Microsoft Visual Studio\18\BuildTools\VC\Tools\MSVC\14.51.36231\include\pmmintrin.h
注意: 包含文件:                C:\Program Files (x86)\Microsoft Visual Studio\18\BuildTools\VC\Tools\MSVC\14.51.36231\include\emmintrin.h
注意: 包含文件:                 C:\Program Files (x86)\Microsoft Visual Studio\18\BuildTools\VC\Tools\MSVC\14.51.36231\include\xmmintrin.h
注意: 包含文件:                  C:\Program Files (x86)\Microsoft Visual Studio\18\BuildTools\VC\Tools\MSVC\14.51.36231\include\mmintrin.h
注意: 包含文件:                  D:\Windows Kits\10\include\10.0.26100.0\ucrt\malloc.h
注意: 包含文件:           C:\Program Files (x86)\Microsoft Visual Studio\18\BuildTools\VC\Tools\MSVC\14.51.36231\include\zmmintrin.h
注意: 包含文件:          C:\Program Files (x86)\Microsoft Visual Studio\18\BuildTools\VC\Tools\MSVC\14.51.36231\include\ammintrin.h
注意: 包含文件:       C:\Program Files (x86)\Microsoft Visual Studio\18\BuildTools\VC\Tools\MSVC\14.51.36231\include\xtr1common
注意: 包含文件:      C:\Program Files (x86)\Microsoft Visual Studio\18\BuildTools\VC\Tools\MSVC\14.51.36231\include\xutility
注意: 包含文件:       C:\Program Files (x86)\Microsoft Visual Studio\18\BuildTools\VC\Tools\MSVC\14.51.36231\include\__msvc_iter_core.hpp
注意: 包含文件:        C:\Program Files (x86)\Microsoft Visual Studio\18\BuildTools\VC\Tools\MSVC\14.51.36231\include\utility
注意: 包含文件:         C:\Program Files (x86)\Microsoft Visual Studio\18\BuildTools\VC\Tools\MSVC\14.51.36231\include\initializer_list
注意: 包含文件:          C:\Program Files (x86)\Microsoft Visual Studio\18\BuildTools\VC\Tools\MSVC\14.51.36231\include\cstddef
注意: 包含文件:         C:\Program Files (x86)\Microsoft Visual Studio\18\BuildTools\VC\Tools\MSVC\14.51.36231\include\type_traits
注意: 包含文件:          C:\Program Files (x86)\Microsoft Visual Studio\18\BuildTools\VC\Tools\MSVC\14.51.36231\include\cstdint
注意: 包含文件:           C:\Program Files (x86)\Microsoft Visual Studio\18\BuildTools\VC\Tools\MSVC\14.51.36231\include\stdint.h
注意: 包含文件:         C:\Program Files (x86)\Microsoft Visual Studio\18\BuildTools\VC\Tools\MSVC\14.51.36231\include\compare
注意: 包含文件:          C:\Program Files (x86)\Microsoft Visual Studio\18\BuildTools\VC\Tools\MSVC\14.51.36231\include\concepts
注意: 包含文件:       C:\Program Files (x86)\Microsoft Visual Studio\18\BuildTools\VC\Tools\MSVC\14.51.36231\include\climits
注意: 包含文件:       C:\Program Files (x86)\Microsoft Visual Studio\18\BuildTools\VC\Tools\MSVC\14.51.36231\include\cstdlib
注意: 包含文件:        D:\Windows Kits\10\include\10.0.26100.0\ucrt\math.h
注意: 包含文件:         D:\Windows Kits\10\include\10.0.26100.0\ucrt\corecrt_math.h
注意: 包含文件:     C:\Program Files (x86)\Microsoft Visual Studio\18\BuildTools\VC\Tools\MSVC\14.51.36231\include\xmemory
注意: 包含文件:      C:\Program Files (x86)\Microsoft Visual Studio\18\BuildTools\VC\Tools\MSVC\14.51.36231\include\limits
注意: 包含文件:       C:\Program Files (x86)\Microsoft Visual Studio\18\BuildTools\VC\Tools\MSVC\14.51.36231\include\cfloat
注意: 包含文件:        D:\Windows Kits\10\include\10.0.26100.0\ucrt\float.h
注意: 包含文件:       C:\Program Files (x86)\Microsoft Visual Studio\18\BuildTools\VC\Tools\MSVC\14.51.36231\include\intrin0.h
注意: 包含文件:      C:\Program Files (x86)\Microsoft Visual Studio\18\BuildTools\VC\Tools\MSVC\14.51.36231\include\new
注意: 包含文件:       C:\Program Files (x86)\Microsoft Visual Studio\18\BuildTools\VC\Tools\MSVC\14.51.36231\include\exception
注意: 包含文件:        C:\Program Files (x86)\Microsoft Visual Studio\18\BuildTools\VC\Tools\MSVC\14.51.36231\include\vcruntime_exception.h
注意: 包含文件:         C:\Program Files (x86)\Microsoft Visual Studio\18\BuildTools\VC\Tools\MSVC\14.51.36231\include\eh.h
注意: 包含文件:          D:\Windows Kits\10\include\10.0.26100.0\ucrt\corecrt_terminate.h
注意: 包含文件:      C:\Program Files (x86)\Microsoft Visual Studio\18\BuildTools\VC\Tools\MSVC\14.51.36231\include\xatomic.h
注意: 包含文件:      C:\Program Files (x86)\Microsoft Visual Studio\18\BuildTools\VC\Tools\MSVC\14.51.36231\include\tuple
注意: 包含文件:     C:\Program Files (x86)\Microsoft Visual Studio\18\BuildTools\VC\Tools\MSVC\14.51.36231\include\xpolymorphic_allocator.h
注意: 包含文件:    C:\Program Files (x86)\Microsoft Visual Studio\18\BuildTools\VC\Tools\MSVC\14.51.36231\include\cctype
[  1%] Building CXX object src/CMakeFiles/fceu11_direct_storage_probe.dir/platform/win11/TaskbarProgress.cpp.obj
TaskbarProgress.cpp
注意: 包含文件:  D:\Project\FCEUX11\src\platform\win11\TaskbarProgress.h
注意: 包含文件:   D:\Windows Kits\10\\include\10.0.26100.0\\um\windows.h
注意: 包含文件:    D:\Windows Kits\10\\include\10.0.26100.0\\shared\winapifamily.h
注意: 包含文件:     D:\Windows Kits\10\\include\10.0.26100.0\\shared\winpackagefamily.h
注意: 包含文件:    D:\Windows Kits\10\\include\10.0.26100.0\\shared\sdkddkver.h
注意: 包含文件:    C:\Program Files (x86)\Microsoft Visual Studio\18\BuildTools\VC\Tools\MSVC\14.51.36231\include\excpt.h
注意: 包含文件:     C:\Program Files (x86)\Microsoft Visual Studio\18\BuildTools\VC\Tools\MSVC\14.51.36231\include\vcruntime.h
注意: 包含文件:      C:\Program Files (x86)\Microsoft Visual Studio\18\BuildTools\VC\Tools\MSVC\14.51.36231\include\sal.h
注意: 包含文件:       C:\Program Files (x86)\Microsoft Visual Studio\18\BuildTools\VC\Tools\MSVC\14.51.36231\include\concurrencysal.h
注意: 包含文件:      C:\Program Files (x86)\Microsoft Visual Studio\18\BuildTools\VC\Tools\MSVC\14.51.36231\include\vadefs.h
注意: 包含文件:    C:\Program Files (x86)\Microsoft Visual Studio\18\BuildTools\VC\Tools\MSVC\14.51.36231\include\stdarg.h
注意: 包含文件:    D:\Windows Kits\10\\include\10.0.26100.0\\shared\windef.h
注意: 包含文件:     D:\Windows Kits\10\\include\10.0.26100.0\\shared\minwindef.h
注意: 包含文件:      D:\Windows Kits\10\\include\10.0.26100.0\\shared\specstrings.h
注意: 包含文件:       D:\Windows Kits\10\\include\10.0.26100.0\\shared\specstrings_strict.h
注意: 包含文件:        D:\Windows Kits\10\\include\10.0.26100.0\\shared\specstrings_undef.h
注意: 包含文件:       D:\Windows Kits\10\\include\10.0.26100.0\\shared\driverspecs.h
注意: 包含文件:        D:\Windows Kits\10\include\10.0.26100.0\shared\sdv_driverspecs.h
注意: 包含文件:      D:\Windows Kits\10\\include\10.0.26100.0\\um\winnt.h
注意: 包含文件:       D:\Windows Kits\10\include\10.0.26100.0\ucrt\ctype.h
注意: 包含文件:        D:\Windows Kits\10\include\10.0.26100.0\ucrt\corecrt.h
注意: 包含文件:        D:\Windows Kits\10\include\10.0.26100.0\ucrt\corecrt_wctype.h
注意: 包含文件:       D:\Windows Kits\10\\include\10.0.26100.0\\shared\kernelspecs.h
注意: 包含文件:       D:\Windows Kits\10\\include\10.0.26100.0\\shared\basetsd.h
注意: 包含文件:       D:\Windows Kits\10\\include\10.0.26100.0\\shared\guiddef.h
注意: 包含文件:        D:\Windows Kits\10\include\10.0.26100.0\ucrt\string.h
注意: 包含文件:         D:\Windows Kits\10\include\10.0.26100.0\ucrt\corecrt_memory.h
注意: 包含文件:          D:\Windows Kits\10\include\10.0.26100.0\ucrt\corecrt_memcpy_s.h
注意: 包含文件:           D:\Windows Kits\10\include\10.0.26100.0\ucrt\errno.h
注意: 包含文件:           C:\Program Files (x86)\Microsoft Visual Studio\18\BuildTools\VC\Tools\MSVC\14.51.36231\include\vcruntime_string.h
注意: 包含文件:         D:\Windows Kits\10\include\10.0.26100.0\ucrt\corecrt_wstring.h
注意: 包含文件:       D:\Windows Kits\10\include\10.0.26100.0\shared\pshpack4.h
注意: 包含文件:       D:\Windows Kits\10\include\10.0.26100.0\shared\poppack.h
注意: 包含文件:       D:\Windows Kits\10\\include\10.0.26100.0\\shared\pshpack4.h
注意: 包含文件:       D:\Windows Kits\10\\include\10.0.26100.0\\shared\poppack.h
注意: 包含文件:       D:\Windows Kits\10\include\10.0.26100.0\shared\pshpack4.h
注意: 包含文件:       D:\Windows Kits\10\include\10.0.26100.0\shared\pshpack2.h
注意: 包含文件:       D:\Windows Kits\10\include\10.0.26100.0\shared\poppack.h
注意: 包含文件:       D:\Windows Kits\10\include\10.0.26100.0\shared\pshpack2.h
注意: 包含文件:       D:\Windows Kits\10\\include\10.0.26100.0\\shared\pshpack2.h
注意: 包含文件:       D:\Windows Kits\10\\include\10.0.26100.0\\shared\poppack.h
注意: 包含文件:       D:\Windows Kits\10\include\10.0.26100.0\shared\poppack.h
注意: 包含文件:       D:\Windows Kits\10\include\10.0.26100.0\shared\pshpack8.h
注意: 包含文件:       D:\Windows Kits\10\include\10.0.26100.0\shared\poppack.h
注意: 包含文件:       D:\Windows Kits\10\include\10.0.26100.0\shared\pshpack1.h
注意: 包含文件:       D:\Windows Kits\10\include\10.0.26100.0\shared\poppack.h
注意: 包含文件:       D:\Windows Kits\10\include\10.0.26100.0\shared\pshpack1.h
注意: 包含文件:       D:\Windows Kits\10\include\10.0.26100.0\shared\poppack.h
注意: 包含文件:       D:\Windows Kits\10\include\10.0.26100.0\shared\poppack.h
注意: 包含文件:       D:\Windows Kits\10\\include\10.0.26100.0\\shared\apiset.h
注意: 包含文件:       D:\Windows Kits\10\\include\10.0.26100.0\\shared\ktmtypes.h
注意: 包含文件:    D:\Windows Kits\10\\include\10.0.26100.0\\um\winbase.h
注意: 包含文件:     D:\Windows Kits\10\\include\10.0.26100.0\\shared\apisetcconv.h
注意: 包含文件:     D:\Windows Kits\10\\include\10.0.26100.0\\um\minwinbase.h
注意: 包含文件:     D:\Windows Kits\10\\include\10.0.26100.0\\um\apiquery2.h
注意: 包含文件:     D:\Windows Kits\10\\include\10.0.26100.0\\um\processenv.h
注意: 包含文件:     D:\Windows Kits\10\\include\10.0.26100.0\\um\fileapifromapp.h
注意: 包含文件:      D:\Windows Kits\10\\include\10.0.26100.0\\um\fileapi.h
注意: 包含文件:     D:\Windows Kits\10\\include\10.0.26100.0\\um\debugapi.h
注意: 包含文件:     D:\Windows Kits\10\\include\10.0.26100.0\\um\utilapiset.h
注意: 包含文件:     D:\Windows Kits\10\\include\10.0.26100.0\\um\handleapi.h
注意: 包含文件:     D:\Windows Kits\10\\include\10.0.26100.0\\um\errhandlingapi.h
注意: 包含文件:     D:\Windows Kits\10\\include\10.0.26100.0\\um\fibersapi.h
注意: 包含文件:     D:\Windows Kits\10\\include\10.0.26100.0\\um\namedpipeapi.h
注意: 包含文件:     D:\Windows Kits\10\\include\10.0.26100.0\\um\profileapi.h
注意: 包含文件:     D:\Windows Kits\10\\include\10.0.26100.0\\um\heapapi.h
注意: 包含文件:     D:\Windows Kits\10\\include\10.0.26100.0\\um\ioapiset.h
注意: 包含文件:     D:\Windows Kits\10\\include\10.0.26100.0\\um\synchapi.h
注意: 包含文件:     D:\Windows Kits\10\\include\10.0.26100.0\\um\interlockedapi.h
注意: 包含文件:     D:\Windows Kits\10\\include\10.0.26100.0\\um\processthreadsapi.h
注意: 包含文件:     D:\Windows Kits\10\\include\10.0.26100.0\\um\sysinfoapi.h
注意: 包含文件:     D:\Windows Kits\10\\include\10.0.26100.0\\um\memoryapi.h
注意: 包含文件:     D:\Windows Kits\10\\include\10.0.26100.0\\um\enclaveapi.h
注意: 包含文件:     D:\Windows Kits\10\\include\10.0.26100.0\\um\threadpoollegacyapiset.h
注意: 包含文件:     D:\Windows Kits\10\\include\10.0.26100.0\\um\threadpoolapiset.h
注意: 包含文件:     D:\Windows Kits\10\\include\10.0.26100.0\\um\jobapi.h
注意: 包含文件:     D:\Windows Kits\10\\include\10.0.26100.0\\um\jobapi2.h
注意: 包含文件:     D:\Windows Kits\10\\include\10.0.26100.0\\um\wow64apiset.h
注意: 包含文件:     D:\Windows Kits\10\\include\10.0.26100.0\\um\libloaderapi.h
注意: 包含文件:     D:\Windows Kits\10\\include\10.0.26100.0\\um\securitybaseapi.h
注意: 包含文件:     D:\Windows Kits\10\\include\10.0.26100.0\\um\namespaceapi.h
注意: 包含文件:     D:\Windows Kits\10\\include\10.0.26100.0\\um\systemtopologyapi.h
注意: 包含文件:     D:\Windows Kits\10\\include\10.0.26100.0\\um\processtopologyapi.h
注意: 包含文件:     D:\Windows Kits\10\\include\10.0.26100.0\\um\securityappcontainer.h
注意: 包含文件:     D:\Windows Kits\10\\include\10.0.26100.0\\um\realtimeapiset.h
注意: 包含文件:     D:\Windows Kits\10\\include\10.0.26100.0\\shared\winerror.h
注意: 包含文件:     D:\Windows Kits\10\\include\10.0.26100.0\\um\timezoneapi.h
注意: 包含文件:    D:\Windows Kits\10\\include\10.0.26100.0\\um\wingdi.h
注意: 包含文件:     D:\Windows Kits\10\\include\10.0.26100.0\\shared\pshpack1.h
注意: 包含文件:     D:\Windows Kits\10\\include\10.0.26100.0\\shared\poppack.h
注意: 包含文件:     D:\Windows Kits\10\\include\10.0.26100.0\\shared\pshpack2.h
注意: 包含文件:     D:\Windows Kits\10\\include\10.0.26100.0\\shared\poppack.h
注意: 包含文件:     D:\Windows Kits\10\\include\10.0.26100.0\\shared\pshpack2.h
注意: 包含文件:     D:\Windows Kits\10\\include\10.0.26100.0\\shared\poppack.h
注意: 包含文件:     D:\Windows Kits\10\\include\10.0.26100.0\\shared\pshpack4.h
注意: 包含文件:     D:\Windows Kits\10\\include\10.0.26100.0\\shared\poppack.h
注意: 包含文件:     D:\Windows Kits\10\\include\10.0.26100.0\\shared\pshpack4.h
注意: 包含文件:     D:\Windows Kits\10\\include\10.0.26100.0\\shared\poppack.h
注意: 包含文件:    D:\Windows Kits\10\\include\10.0.26100.0\\um\winuser.h
注意: 包含文件:     D:\Windows Kits\10\\include\10.0.26100.0\\shared\pshpack2.h
注意: 包含文件:     D:\Windows Kits\10\\include\10.0.26100.0\\shared\poppack.h
注意: 包含文件:     D:\Windows Kits\10\\include\10.0.26100.0\\shared\tvout.h
注意: 包含文件:    D:\Windows Kits\10\\include\10.0.26100.0\\um\winnls.h
注意: 包含文件:     D:\Windows Kits\10\\include\10.0.26100.0\\um\datetimeapi.h
注意: 包含文件:     D:\Windows Kits\10\\include\10.0.26100.0\\um\stringapiset.h
注意: 包含文件:      D:\Windows Kits\10\\include\10.0.26100.0\\um\winnls.h
注意: 包含文件:    D:\Windows Kits\10\\include\10.0.26100.0\\um\wincon.h
注意: 包含文件:     D:\Windows Kits\10\\include\10.0.26100.0\\um\wincontypes.h
注意: 包含文件:     D:\Windows Kits\10\\include\10.0.26100.0\\um\consoleapi.h
注意: 包含文件:     D:\Windows Kits\10\\include\10.0.26100.0\\um\consoleapi2.h
注意: 包含文件:     D:\Windows Kits\10\\include\10.0.26100.0\\um\consoleapi3.h
注意: 包含文件:    D:\Windows Kits\10\\include\10.0.26100.0\\um\winver.h
注意: 包含文件:     D:\Windows Kits\10\\include\10.0.26100.0\\um\verrsrc.h
注意: 包含文件:    D:\Windows Kits\10\\include\10.0.26100.0\\um\winreg.h
注意: 包含文件:     D:\Windows Kits\10\\include\10.0.26100.0\\um\reason.h
注意: 包含文件:    D:\Windows Kits\10\\include\10.0.26100.0\\um\winnetwk.h
注意: 包含文件:     D:\Windows Kits\10\\include\10.0.26100.0\\shared\wnnc.h
注意: 包含文件:    D:\Windows Kits\10\\include\10.0.26100.0\\shared\cderr.h
注意: 包含文件:    D:\Windows Kits\10\\include\10.0.26100.0\\um\dde.h
注意: 包含文件:    D:\Windows Kits\10\\include\10.0.26100.0\\um\ddeml.h
注意: 包含文件:    D:\Windows Kits\10\\include\10.0.26100.0\\um\dlgs.h
注意: 包含文件:    D:\Windows Kits\10\\include\10.0.26100.0\\um\lzexpand.h
注意: 包含文件:    D:\Windows Kits\10\\include\10.0.26100.0\\um\mmsystem.h
注意: 包含文件:     D:\Windows Kits\10\\include\10.0.26100.0\\um\mmsyscom.h
注意: 包含文件:      D:\Windows Kits\10\\include\10.0.26100.0\\shared\pshpack1.h
注意: 包含文件:      D:\Windows Kits\10\\include\10.0.26100.0\\shared\poppack.h
注意: 包含文件:     D:\Windows Kits\10\\include\10.0.26100.0\\shared\pshpack1.h
注意: 包含文件:     D:\Windows Kits\10\\include\10.0.26100.0\\um\mciapi.h
注意: 包含文件:      D:\Windows Kits\10\\include\10.0.26100.0\\um\mmsyscom.h
注意: 包含文件:     D:\Windows Kits\10\\include\10.0.26100.0\\um\mmiscapi.h
注意: 包含文件:      D:\Windows Kits\10\\include\10.0.26100.0\\um\mmsyscom.h
注意: 包含文件:     D:\Windows Kits\10\\include\10.0.26100.0\\um\mmiscapi2.h
注意: 包含文件:      D:\Windows Kits\10\\include\10.0.26100.0\\um\mmsyscom.h
注意: 包含文件:     D:\Windows Kits\10\\include\10.0.26100.0\\um\playsoundapi.h
注意: 包含文件:      D:\Windows Kits\10\\include\10.0.26100.0\\um\mmsyscom.h
注意: 包含文件:     D:\Windows Kits\10\\include\10.0.26100.0\\um\mmeapi.h
注意: 包含文件:      D:\Windows Kits\10\\include\10.0.26100.0\\um\mmsyscom.h
注意: 包含文件:     D:\Windows Kits\10\\include\10.0.26100.0\\um\timeapi.h
注意: 包含文件:      D:\Windows Kits\10\\include\10.0.26100.0\\um\mmsyscom.h
注意: 包含文件:     D:\Windows Kits\10\\include\10.0.26100.0\\um\joystickapi.h
注意: 包含文件:      D:\Windows Kits\10\\include\10.0.26100.0\\um\mmsyscom.h
注意: 包含文件:     D:\Windows Kits\10\\include\10.0.26100.0\\shared\poppack.h
注意: 包含文件:    D:\Windows Kits\10\\include\10.0.26100.0\\um\nb30.h
注意: 包含文件:    D:\Windows Kits\10\\include\10.0.26100.0\\shared\rpc.h
注意: 包含文件:     D:\Windows Kits\10\\include\10.0.26100.0\\shared\pshpack8.h
注意: 包含文件:     D:\Windows Kits\10\\include\10.0.26100.0\\shared\rpcdce.h
注意: 包含文件:      D:\Windows Kits\10\\include\10.0.26100.0\\shared\rpcdcep.h
注意: 包含文件:     D:\Windows Kits\10\\include\10.0.26100.0\\um\rpcnsi.h
注意: 包含文件:     D:\Windows Kits\10\\include\10.0.26100.0\\shared\rpcnterr.h
注意: 包含文件:     D:\Windows Kits\10\\include\10.0.26100.0\\shared\rpcasync.h
注意: 包含文件:      D:\Windows Kits\10\\include\10.0.26100.0\\shared\pshpack8.h
注意: 包含文件:      D:\Windows Kits\10\\include\10.0.26100.0\\shared\poppack.h
注意: 包含文件:     D:\Windows Kits\10\\include\10.0.26100.0\\shared\poppack.h
注意: 包含文件:    D:\Windows Kits\10\\include\10.0.26100.0\\um\shellapi.h
注意: 包含文件:    D:\Windows Kits\10\\include\10.0.26100.0\\um\winperf.h
注意: 包含文件:     D:\Windows Kits\10\\include\10.0.26100.0\\shared\pshpack8.h
注意: 包含文件:     D:\Windows Kits\10\\include\10.0.26100.0\\shared\poppack.h
注意: 包含文件:    D:\Windows Kits\10\\include\10.0.26100.0\\um\winsock.h
注意: 包含文件:     D:\Windows Kits\10\\include\10.0.26100.0\\shared\inaddr.h
注意: 包含文件:    D:\Windows Kits\10\\include\10.0.26100.0\\um\wincrypt.h
注意: 包含文件:     D:\Windows Kits\10\\include\10.0.26100.0\\shared\bcrypt.h
注意: 包含文件:     D:\Windows Kits\10\\include\10.0.26100.0\\um\ncrypt.h
注意: 包含文件:     D:\Windows Kits\10\\include\10.0.26100.0\\um\dpapi.h
注意: 包含文件:    D:\Windows Kits\10\\include\10.0.26100.0\\um\winefs.h
注意: 包含文件:    D:\Windows Kits\10\\include\10.0.26100.0\\um\winscard.h
注意: 包含文件:     D:\Windows Kits\10\\include\10.0.26100.0\\shared\wtypes.h
注意: 包含文件:      D:\Windows Kits\10\include\10.0.26100.0\shared\rpcndr.h
注意: 包含文件:       D:\Windows Kits\10\\include\10.0.26100.0\\shared\pshpack8.h
注意: 包含文件:       D:\Windows Kits\10\\include\10.0.26100.0\\um\rpcnsip.h
注意: 包含文件:       D:\Windows Kits\10\\include\10.0.26100.0\\shared\rpcsal.h
注意: 包含文件:       D:\Windows Kits\10\\include\10.0.26100.0\\shared\poppack.h
注意: 包含文件:      D:\Windows Kits\10\include\10.0.26100.0\shared\wtypesbase.h
注意: 包含文件:       D:\Windows Kits\10\include\10.0.26100.0\shared\guiddef.h
注意: 包含文件:     D:\Windows Kits\10\\include\10.0.26100.0\\um\winioctl.h
注意: 包含文件:      D:\Windows Kits\10\\include\10.0.26100.0\\shared\pshpack1.h
注意: 包含文件:      D:\Windows Kits\10\\include\10.0.26100.0\\shared\poppack.h
注意: 包含文件:      D:\Windows Kits\10\\include\10.0.26100.0\\shared\pshpack1.h
注意: 包含文件:      D:\Windows Kits\10\\include\10.0.26100.0\\shared\poppack.h
注意: 包含文件:      D:\Windows Kits\10\\include\10.0.26100.0\\shared\pshpack1.h
注意: 包含文件:      D:\Windows Kits\10\\include\10.0.26100.0\\shared\poppack.h
注意: 包含文件:      D:\Windows Kits\10\\include\10.0.26100.0\\shared\pshpack1.h
注意: 包含文件:      D:\Windows Kits\10\\include\10.0.26100.0\\shared\poppack.h
注意: 包含文件:      D:\Windows Kits\10\\include\10.0.26100.0\\shared\pshpack1.h
注意: 包含文件:      D:\Windows Kits\10\\include\10.0.26100.0\\shared\poppack.h
注意: 包含文件:      D:\Windows Kits\10\\include\10.0.26100.0\\shared\pshpack1.h
注意: 包含文件:      D:\Windows Kits\10\\include\10.0.26100.0\\shared\poppack.h
注意: 包含文件:      D:\Windows Kits\10\\include\10.0.26100.0\\shared\pshpack1.h
注意: 包含文件:      D:\Windows Kits\10\\include\10.0.26100.0\\shared\poppack.h
注意: 包含文件:     D:\Windows Kits\10\\include\10.0.26100.0\\shared\winsmcrd.h
注意: 包含文件:    D:\Windows Kits\10\\include\10.0.26100.0\\um\winspool.h
注意: 包含文件:     D:\Windows Kits\10\\include\10.0.26100.0\\um\prsht.h
注意: 包含文件:      D:\Windows Kits\10\\include\10.0.26100.0\\shared\pshpack8.h
注意: 包含文件:      D:\Windows Kits\10\\include\10.0.26100.0\\shared\poppack.h
注意: 包含文件:    D:\Windows Kits\10\\include\10.0.26100.0\\um\ole2.h
注意: 包含文件:     D:\Windows Kits\10\\include\10.0.26100.0\\shared\pshpack8.h
注意: 包含文件:     D:\Windows Kits\10\\include\10.0.26100.0\\um\objbase.h
注意: 包含文件:      D:\Windows Kits\10\\include\10.0.26100.0\\shared\pshpack8.h
注意: 包含文件:      D:\Windows Kits\10\\include\10.0.26100.0\\um\combaseapi.h
注意: 包含文件:       D:\Windows Kits\10\\include\10.0.26100.0\\shared\pshpack8.h
注意: 包含文件:       D:\Windows Kits\10\include\10.0.26100.0\ucrt\stdlib.h
注意: 包含文件:        D:\Windows Kits\10\include\10.0.26100.0\ucrt\corecrt_malloc.h
注意: 包含文件:        D:\Windows Kits\10\include\10.0.26100.0\ucrt\corecrt_search.h
注意: 包含文件:         D:\Windows Kits\10\include\10.0.26100.0\ucrt\stddef.h
注意: 包含文件:        D:\Windows Kits\10\include\10.0.26100.0\ucrt\corecrt_wstdlib.h
注意: 包含文件:        C:\Program Files (x86)\Microsoft Visual Studio\18\BuildTools\VC\Tools\MSVC\14.51.36231\include\limits.h
注意: 包含文件:       D:\Windows Kits\10\\include\10.0.26100.0\\um\unknwnbase.h
注意: 包含文件:       D:\Windows Kits\10\\include\10.0.26100.0\\um\objidlbase.h
注意: 包含文件:       D:\Windows Kits\10\\include\10.0.26100.0\\shared\guiddef.h
注意: 包含文件:       D:\Windows Kits\10\\include\10.0.26100.0\\um\cguid.h
注意: 包含文件:       D:\Windows Kits\10\\include\10.0.26100.0\\shared\poppack.h
注意: 包含文件:      D:\Windows Kits\10\\include\10.0.26100.0\\um\coml2api.h
注意: 包含文件:       D:\Windows Kits\10\\include\10.0.26100.0\\um\objidl.h
注意: 包含文件:        D:\Windows Kits\10\include\10.0.26100.0\um\unknwn.h
注意: 包含文件:       D:\Windows Kits\10\\include\10.0.26100.0\\um\propidlbase.h
注意: 包含文件:        D:\Windows Kits\10\include\10.0.26100.0\um\oaidl.h
注意: 包含文件:      D:\Windows Kits\10\\include\10.0.26100.0\\um\urlmon.h
注意: 包含文件:       D:\Windows Kits\10\include\10.0.26100.0\um\oleidl.h
注意: 包含文件:       D:\Windows Kits\10\include\10.0.26100.0\um\servprov.h
注意: 包含文件:       D:\Windows Kits\10\include\10.0.26100.0\um\msxml.h
注意: 包含文件:      D:\Windows Kits\10\\include\10.0.26100.0\\um\propidl.h
注意: 包含文件:      D:\Windows Kits\10\\include\10.0.26100.0\\shared\poppack.h
注意: 包含文件:     D:\Windows Kits\10\\include\10.0.26100.0\\um\oleauto.h
注意: 包含文件:      D:\Windows Kits\10\\include\10.0.26100.0\\shared\pshpack8.h
注意: 包含文件:      D:\Windows Kits\10\\include\10.0.26100.0\\shared\poppack.h
注意: 包含文件:     D:\Windows Kits\10\\include\10.0.26100.0\\shared\poppack.h
注意: 包含文件:    D:\Windows Kits\10\\include\10.0.26100.0\\um\commdlg.h
注意: 包含文件:     D:\Windows Kits\10\\include\10.0.26100.0\\um\prsht.h
注意: 包含文件:    D:\Windows Kits\10\\include\10.0.26100.0\\shared\stralign.h
注意: 包含文件:    D:\Windows Kits\10\\include\10.0.26100.0\\um\winsvc.h
注意: 包含文件:    D:\Windows Kits\10\\include\10.0.26100.0\\um\mcx.h
注意: 包含文件:    D:\Windows Kits\10\\include\10.0.26100.0\\um\imm.h
注意: 包含文件:     D:\Windows Kits\10\\include\10.0.26100.0\\um\ime_cmodes.h
注意: 包含文件:   D:\Windows Kits\10\\include\10.0.26100.0\\um\shobjidl.h
注意: 包含文件:    D:\Windows Kits\10\include\10.0.26100.0\um\docobj.h
注意: 包含文件:     D:\Windows Kits\10\include\10.0.26100.0\um\ocidl.h
注意: 包含文件:    D:\Windows Kits\10\include\10.0.26100.0\um\shtypes.h
注意: 包含文件:     D:\Windows Kits\10\\include\10.0.26100.0\\shared\pshpack1.h
注意: 包含文件:     D:\Windows Kits\10\\include\10.0.26100.0\\shared\poppack.h
注意: 包含文件:     D:\Windows Kits\10\\include\10.0.26100.0\\shared\pshpack1.h
注意: 包含文件:     D:\Windows Kits\10\\include\10.0.26100.0\\shared\poppack.h
注意: 包含文件:     D:\Windows Kits\10\\include\10.0.26100.0\\shared\pshpack8.h
注意: 包含文件:     D:\Windows Kits\10\\include\10.0.26100.0\\shared\poppack.h
注意: 包含文件:     D:\Windows Kits\10\\include\10.0.26100.0\\shared\pshpack1.h
注意: 包含文件:     D:\Windows Kits\10\\include\10.0.26100.0\\shared\poppack.h
注意: 包含文件:    D:\Windows Kits\10\include\10.0.26100.0\um\comcat.h
注意: 包含文件:    D:\Windows Kits\10\include\10.0.26100.0\um\prsht.h
注意: 包含文件:    D:\Windows Kits\10\include\10.0.26100.0\um\propsys.h
注意: 包含文件:     D:\Windows Kits\10\include\10.0.26100.0\um\StructuredQueryCondition.h
注意: 包含文件:     D:\Windows Kits\10\\include\10.0.26100.0\\um\propkeydef.h
注意: 包含文件:    D:\Windows Kits\10\include\10.0.26100.0\um\ObjectArray.h
注意: 包含文件:    D:\Windows Kits\10\include\10.0.26100.0\um\shobjidl_core.h
注意: 包含文件:     D:\Windows Kits\10\\include\10.0.26100.0\\um\sherrors.h
注意: 包含文件:     D:\Windows Kits\10\\include\10.0.26100.0\\shared\pshpack8.h
注意: 包含文件:     D:\Windows Kits\10\\include\10.0.26100.0\\shared\poppack.h
注意: 包含文件:     D:\Windows Kits\10\\include\10.0.26100.0\\shared\pshpack8.h
注意: 包含文件:     D:\Windows Kits\10\\include\10.0.26100.0\\shared\poppack.h
注意: 包含文件:     D:\Windows Kits\10\\include\10.0.26100.0\\um\prsht.h
注意: 包含文件:     D:\Windows Kits\10\\include\10.0.26100.0\\shared\pshpack8.h
注意: 包含文件:     D:\Windows Kits\10\\include\10.0.26100.0\\shared\poppack.h
注意: 包含文件:     D:\Windows Kits\10\\include\10.0.26100.0\\um\commctrl.h
注意: 包含文件:      D:\Windows Kits\10\\include\10.0.26100.0\\um\prsht.h
注意: 包含文件:      D:\Windows Kits\10\\include\10.0.26100.0\\shared\pshpack1.h
注意: 包含文件:      D:\Windows Kits\10\\include\10.0.26100.0\\shared\poppack.h
注意: 包含文件:      D:\Windows Kits\10\\include\10.0.26100.0\\shared\pshpack1.h
注意: 包含文件:      D:\Windows Kits\10\\include\10.0.26100.0\\shared\poppack.h
注意: 包含文件:      D:\Windows Kits\10\\include\10.0.26100.0\\shared\pshpack1.h
注意: 包含文件:      D:\Windows Kits\10\\include\10.0.26100.0\\shared\poppack.h
注意: 包含文件:      D:\Windows Kits\10\\include\10.0.26100.0\\shared\pshpack1.h
注意: 包含文件:      D:\Windows Kits\10\\include\10.0.26100.0\\shared\poppack.h
注意: 包含文件:      D:\Windows Kits\10\\include\10.0.26100.0\\shared\pshpack1.h
注意: 包含文件:      D:\Windows Kits\10\\include\10.0.26100.0\\shared\poppack.h
注意: 包含文件:      D:\Windows Kits\10\\include\10.0.26100.0\\um\dpa_dsa.h
注意: 包含文件:     D:\Windows Kits\10\\include\10.0.26100.0\\shared\pshpack8.h
注意: 包含文件:     D:\Windows Kits\10\\include\10.0.26100.0\\shared\poppack.h
注意: 包含文件:     D:\Windows Kits\10\\include\10.0.26100.0\\shared\pshpack8.h
注意: 包含文件:     D:\Windows Kits\10\\include\10.0.26100.0\\shared\poppack.h
注意: 包含文件:     D:\Windows Kits\10\\include\10.0.26100.0\\shared\pshpack8.h
注意: 包含文件:     D:\Windows Kits\10\\include\10.0.26100.0\\shared\poppack.h
注意: 包含文件:     D:\Windows Kits\10\\include\10.0.26100.0\\shared\pshpack8.h
注意: 包含文件:     D:\Windows Kits\10\\include\10.0.26100.0\\shared\poppack.h
注意: 包含文件:     D:\Windows Kits\10\\include\10.0.26100.0\\shared\pshpack1.h
注意: 包含文件:     D:\Windows Kits\10\\include\10.0.26100.0\\shared\poppack.h
注意: 包含文件:     D:\Windows Kits\10\\include\10.0.26100.0\\shared\pshpack8.h
注意: 包含文件:     D:\Windows Kits\10\\include\10.0.26100.0\\shared\poppack.h
[  1%] Linking CXX static library fceu11_direct_storage_probe.lib
[  1%] Built target fceu11_direct_storage_probe
[  1%] Built target fceux11_utils_autogen_timestamp_deps
[  2%] Automatic MOC and UIC for target fceux11_utils
[  2%] Built target fceux11_utils_autogen
[  3%] Building CXX object src/CMakeFiles/fceux11_utils.dir/fceux11_utils_autogen/mocs_compilation.cpp.obj
mocs_compilation.cpp
[  3%] Building CXX object src/CMakeFiles/fceux11_utils.dir/utils/backward.cpp.obj
backward.cpp
[  3%] Building C object src/CMakeFiles/fceux11_utils.dir/utils/ConvertUTF.c.obj
ConvertUTF.c
注意: 包含文件:  D:\Project\FCEUX11\src\utils\ConvertUTF.h
注意: 包含文件:   D:\Project\FCEUX11\src\utils\../rust/fceux11_rust.h
注意: 包含文件:    C:\Program Files (x86)\Microsoft Visual Studio\18\BuildTools\VC\Tools\MSVC\14.51.36231\include\stdbool.h
注意: 包含文件:    C:\Program Files (x86)\Microsoft Visual Studio\18\BuildTools\VC\Tools\MSVC\14.51.36231\include\stdint.h
注意: 包含文件:     C:\Program Files (x86)\Microsoft Visual Studio\18\BuildTools\VC\Tools\MSVC\14.51.36231\include\vcruntime.h
注意: 包含文件:      C:\Program Files (x86)\Microsoft Visual Studio\18\BuildTools\VC\Tools\MSVC\14.51.36231\include\sal.h
注意: 包含文件:       C:\Program Files (x86)\Microsoft Visual Studio\18\BuildTools\VC\Tools\MSVC\14.51.36231\include\concurrencysal.h
注意: 包含文件:      C:\Program Files (x86)\Microsoft Visual Studio\18\BuildTools\VC\Tools\MSVC\14.51.36231\include\vadefs.h
D:\Project\FCEUX11\src\utils\ConvertUTF.c(33): error C2220: 以下警告被视为错误
D:\Project\FCEUX11\src\utils\ConvertUTF.c(33): warning C4057: “函数”:“const uint32_t *”在间接程度上与“UTF32 *”的基类型存在细微差异
D:\Project\FCEUX11\src\utils\ConvertUTF.c(41): warning C4057: “函数”:“const uint32_t *”在间接程度上与“const UTF32 *”的基类型存在细微差异
D:\Project\FCEUX11\src\utils\ConvertUTF.c(51): warning C4057: “函数”:“const uint32_t *”在间接程度上与“UTF32 *”的基类型存在细微差异
D:\Project\FCEUX11\src\utils\ConvertUTF.c(59): warning C4057: “函数”:“const uint32_t *”在间接程度上与“const UTF32 *”的基类型存在细微差异
cmd : NMAKE : fatal error U1077: ��"D:\Program Files\CMake\bin\cmake.exe" -E cmake_cl_compile_depends --dep-file=CMakeFiles\fceux11_utils
.dir\utils\ConvertUTF.c.obj.d --working-dir=D:\Project\FCEUX11\build\src --filter-prefix="注意: 包含文件:  " -- C:\PROGRA~2\MICROS~2\18\BUILDT~
1\VC\Tools\MSVC\1451~1.362\bin\Hostx64\x64\cl.exe @C:\Users\ikrx2\AppData\Local\Temp\nm3C37.tmp��: ���ش��롰0x2��
At line:1 char:302
+ ... tch {} } }; cmd /c '"C:\Program Files (x86)\Microsoft Visual Studio\1 ...
+                 ~~~~~~~~~~~~~~~~~~~~~~~~~~~~~~~~~~~~~~~~~~~~~~~~~~~~~~~~~
    + CategoryInfo          : NotSpecified: (NMAKE : fatal e...�: ���ش��롰0x2��:String) [], RemoteException
    + FullyQualifiedErrorId : NativeCommandError
 
Stop.
NMAKE : fatal error U1077: ��"C:\Program Files (x86)\Microsoft Visual Studio\18\BuildTools\VC\Tools\MSVC\14.51.36231\bin\HostX64\x64\nmak
e.exe" -s -f src\CMakeFiles\fceux11_utils.dir\build.make /nologo -SL                 src\CMakeFiles\fceux11_utils.dir\build��: ���ش��롰0x2
��
Stop.
NMAKE : fatal error U1077: ��"C:\Program Files (x86)\Microsoft Visual Studio\18\BuildTools\VC\Tools\MSVC\14.51.36231\bin\HostX64\x64\nmak
e.exe" -s -f CMakeFiles\Makefile2 /nologo -LS                 all��: ���ش��롰0x2��
Stop.
